<?xml version="1.0" encoding="utf-8"?><testsuites><testsuite name="pytest" errors="0" failures="0" skipped="0" tests="3" time="2.423" timestamp="2025-06-04T18:45:39.019823+00:00" hostname="cda9a62bf9c5"><testcase classname="movie_api_tests.test_movies" name="test_get_popular_movies[english]" time="0.835" /><testcase classname="movie_api_tests.test_movies" name="test_get_popular_movies[russian]" time="0.750" /><testcase classname="integration_tests.test_tmdb_integration" name="test_get_popular_movies_real_api" time="0.805" /></testsuite></testsuites>